[32m2026-07-31 01:17:13 +0200[0m - dagster - [34mDEBUG[0m - sync_all_series_job - 9e4f56b0-9770-4874-b415-180ae3721866 - 2444 - LOGS_CAPTURED - Capturing logs for process (pid: 2444).
[32m2026-07-31 01:17:13 +0200[0m - dagster - [34mDEBUG[0m - sync_all_series_job - 9e4f56b0-9770-4874-b415-180ae3721866 - 2444 - sync_series - STEP_START - Started execution of step "sync_series".
[32m2026-07-31 01:17:13 +0200[0m - dagster - [34mDEBUG[0m - sync_all_series_job - 9e4f56b0-9770-4874-b415-180ae3721866 - sync_series - Loading file from: /home/flowup/dev/cue/worker/.tmp_dagster_home_dizravy6/storage/9e4f56b0-9770-4874-b415-180ae3721866/get_series_to_sync/result using PickledObjectFilesystemIOManager...
[32m2026-07-31 01:17:13 +0200[0m - dagster - [34mDEBUG[0m - sync_all_series_job - 9e4f56b0-9770-4874-b415-180ae3721866 - 2444 - sync_series - LOADED_INPUT - Loaded input "tmdb_ids" using input manager "io_manager", from output "result" of step "get_series_to_sync"
[32m2026-07-31 01:17:13 +0200[0m - dagster - [34mDEBUG[0m - sync_all_series_job - 9e4f56b0-9770-4874-b415-180ae3721866 - 2444 - sync_series - STEP_INPUT - Got input "tmdb_ids" of type "[Int]". (Type check passed).
[32m2026-07-31 01:17:17 +0200[0m - dagster - [34mINFO[0m - sync_all_series_job - 9e4f56b0-9770-4874-b415-180ae3721866 - sync_series - Série TMDB 37854 synchronisée
[32m2026-07-31 01:17:18 +0200[0m - dagster - [34mINFO[0m - sync_all_series_job - 9e4f56b0-9770-4874-b415-180ae3721866 - sync_series - Série TMDB 83095 synchronisée
[32m2026-07-31 01:17:20 +0200[0m - dagster - [34mINFO[0m - sync_all_series_job - 9e4f56b0-9770-4874-b415-180ae3721866 - sync_series - Série TMDB 85937 synchronisée
[32m2026-07-31 01:17:20 +0200[0m - dagster - [34mINFO[0m - sync_all_series_job - 9e4f56b0-9770-4874-b415-180ae3721866 - sync_series - Série TMDB 42942 synchronisée
[32m2026-07-31 01:17:21 +0200[0m - dagster - [34mINFO[0m - sync_all_series_job - 9e4f56b0-9770-4874-b415-180ae3721866 - sync_series - Série TMDB 73946 synchronisée
[32m2026-07-31 01:17:22 +0200[0m - dagster - [34mINFO[0m - sync_all_series_job - 9e4f56b0-9770-4874-b415-180ae3721866 - sync_series - Série TMDB 40075 synchronisée
[32m2026-07-31 01:17:24 +0200[0m - dagster - [34mINFO[0m - sync_all_series_job - 9e4f56b0-9770-4874-b415-180ae3721866 - sync_series - Série TMDB 1402 synchronisée
[32m2026-07-31 01:17:25 +0200[0m - dagster - [34mINFO[0m - sync_all_series_job - 9e4f56b0-9770-4874-b415-180ae3721866 - sync_series - Série TMDB 60574 synchronisée
[32m2026-07-31 01:17:26 +0200[0m - dagster - [34mINFO[0m - sync_all_series_job - 9e4f56b0-9770-4874-b415-180ae3721866 - sync_series - Série TMDB 127714 synchronisée
[32m2026-07-31 01:17:26 +0200[0m - dagster - [34mINFO[0m - sync_all_series_job - 9e4f56b0-9770-4874-b415-180ae3721866 - sync_series - Série TMDB 70590 synchronisée
[32m2026-07-31 01:17:26 +0200[0m - dagster - [34mINFO[0m - sync_all_series_job - 9e4f56b0-9770-4874-b415-180ae3721866 - sync_series - Série TMDB 113137 synchronisée
[32m2026-07-31 01:17:27 +0200[0m - dagster - [34mINFO[0m - sync_all_series_job - 9e4f56b0-9770-4874-b415-180ae3721866 - sync_series - Série TMDB 114410 synchronisée
[32m2026-07-31 01:17:28 +0200[0m - dagster - [34mINFO[0m - sync_all_series_job - 9e4f56b0-9770-4874-b415-180ae3721866 - sync_series - Série TMDB 300999 synchronisée
[32m2026-07-31 01:17:28 +0200[0m - dagster - [34mINFO[0m - sync_all_series_job - 9e4f56b0-9770-4874-b415-180ae3721866 - sync_series - Série TMDB 64706 synchronisée
[32m2026-07-31 01:17:29 +0200[0m - dagster - [34mINFO[0m - sync_all_series_job - 9e4f56b0-9770-4874-b415-180ae3721866 - sync_series - Série TMDB 83996 synchronisée
[32m2026-07-31 01:17:30 +0200[0m - dagster - [34mINFO[0m - sync_all_series_job - 9e4f56b0-9770-4874-b415-180ae3721866 - sync_series - Série TMDB 158373 synchronisée
[32m2026-07-31 01:17:30 +0200[0m - dagster - [34mINFO[0m - sync_all_series_job - 9e4f56b0-9770-4874-b415-180ae3721866 - sync_series - Série TMDB 46671 synchronisée
[32m2026-07-31 01:17:30 +0200[0m - dagster - [34mINFO[0m - sync_all_series_job - 9e4f56b0-9770-4874-b415-180ae3721866 - sync_series - Série TMDB 90660 synchronisée
[32m2026-07-31 01:17:32 +0200[0m - dagster - [34mINFO[0m - sync_all_series_job - 9e4f56b0-9770-4874-b415-180ae3721866 - sync_series - Série TMDB 12971 synchronisée
[32m2026-07-31 01:17:32 +0200[0m - dagster - [34mINFO[0m - sync_all_series_job - 9e4f56b0-9770-4874-b415-180ae3721866 - sync_series - Série TMDB 229221 synchronisée
[32m2026-07-31 01:17:33 +0200[0m - dagster - [34mINFO[0m - sync_all_series_job - 9e4f56b0-9770-4874-b415-180ae3721866 - sync_series - Série TMDB 86031 synchronisée
[32m2026-07-31 01:17:34 +0200[0m - dagster - [34mINFO[0m - sync_all_series_job - 9e4f56b0-9770-4874-b415-180ae3721866 - sync_series - Série TMDB 110070 synchronisée
[32m2026-07-31 01:17:34 +0200[0m - dagster - [34mINFO[0m - sync_all_series_job - 9e4f56b0-9770-4874-b415-180ae3721866 - sync_series - Série TMDB 115694 synchronisée
[32m2026-07-31 01:17:36 +0200[0m - dagster - [34mINFO[0m - sync_all_series_job - 9e4f56b0-9770-4874-b415-180ae3721866 - sync_series - Série TMDB 1405 synchronisée
[32m2026-07-31 01:17:37 +0200[0m - dagster - [34mINFO[0m - sync_all_series_job - 9e4f56b0-9770-4874-b415-180ae3721866 - sync_series - Série TMDB 111110 synchronisée
[32m2026-07-31 01:17:38 +0200[0m - dagster - [34mINFO[0m - sync_all_series_job - 9e4f56b0-9770-4874-b415-180ae3721866 - sync_series - Série TMDB 25760 synchronisée
[32m2026-07-31 01:17:38 +0200[0m - dagster - [34mINFO[0m - sync_all_series_job - 9e4f56b0-9770-4874-b415-180ae3721866 - sync_series - Série TMDB 46331 synchronisée
[32m2026-07-31 01:17:39 +0200[0m - dagster - [34mINFO[0m - sync_all_series_job - 9e4f56b0-9770-4874-b415-180ae3721866 - sync_series - Série TMDB 1410 synchronisée
[32m2026-07-31 01:17:40 +0200[0m - dagster - [34mINFO[0m - sync_all_series_job - 9e4f56b0-9770-4874-b415-180ae3721866 - sync_series - Série TMDB 63926 synchronisée
[32m2026-07-31 01:17:41 +0200[0m - dagster - [34mINFO[0m - sync_all_series_job - 9e4f56b0-9770-4874-b415-180ae3721866 - sync_series - Série TMDB 71912 synchronisée
[32m2026-07-31 01:17:42 +0200[0m - dagster - [34mINFO[0m - sync_all_series_job - 9e4f56b0-9770-4874-b415-180ae3721866 - sync_series - Série TMDB 129516 synchronisée
[32m2026-07-31 01:17:42 +0200[0m - dagster - [34mINFO[0m - sync_all_series_job - 9e4f56b0-9770-4874-b415-180ae3721866 - sync_series - Série TMDB 65614 synchronisée
[32m2026-07-31 01:17:43 +0200[0m - dagster - [34mINFO[0m - sync_all_series_job - 9e4f56b0-9770-4874-b415-180ae3721866 - sync_series - Série TMDB 60846 synchronisée
[32m2026-07-31 01:17:43 +0200[0m - dagster - [34mINFO[0m - sync_all_series_job - 9e4f56b0-9770-4874-b415-180ae3721866 - sync_series - Série TMDB 248982 synchronisée
[32m2026-07-31 01:17:44 +0200[0m - dagster - [34mINFO[0m - sync_all_series_job - 9e4f56b0-9770-4874-b415-180ae3721866 - sync_series - Série TMDB 67075 synchronisée
[32m2026-07-31 01:17:47 +0200[0m - dagster - [34mINFO[0m - sync_all_series_job - 9e4f56b0-9770-4874-b415-180ae3721866 - sync_series - Série TMDB 1413 synchronisée
[32m2026-07-31 01:17:49 +0200[0m - dagster - [34mINFO[0m - sync_all_series_job - 9e4f56b0-9770-4874-b415-180ae3721866 - sync_series - Série TMDB 1399 synchronisée
[32m2026-07-31 01:17:50 +0200[0m - dagster - [34mINFO[0m - sync_all_series_job - 9e4f56b0-9770-4874-b415-180ae3721866 - sync_series - Série TMDB 68394 synchronisée
[32m2026-07-31 01:17:50 +0200[0m - dagster - [34mINFO[0m - sync_all_series_job - 9e4f56b0-9770-4874-b415-180ae3721866 - sync_series - Série TMDB 90260 synchronisée
[32m2026-07-31 01:17:51 +0200[0m - dagster - [34mINFO[0m - sync_all_series_job - 9e4f56b0-9770-4874-b415-180ae3721866 - sync_series - Série TMDB 63146 synchronisée
[32m2026-07-31 01:17:51 +0200[0m - dagster - [34mINFO[0m - sync_all_series_job - 9e4f56b0-9770-4874-b415-180ae3721866 - sync_series - Série TMDB 61178 synchronisée
[32m2026-07-31 01:17:51 +0200[0m - dagster - [34mINFO[0m - sync_all_series_job - 9e4f56b0-9770-4874-b415-180ae3721866 - sync_series - Série TMDB 74081 synchronisée
[32m2026-07-31 01:17:52 +0200[0m - dagster - [34mINFO[0m - sync_all_series_job - 9e4f56b0-9770-4874-b415-180ae3721866 - sync_series - Série TMDB 158155 synchronisée
[32m2026-07-31 01:17:52 +0200[0m - dagster - [34mINFO[0m - sync_all_series_job - 9e4f56b0-9770-4874-b415-180ae3721866 - sync_series - Série TMDB 84669 synchronisée
[32m2026-07-31 01:17:55 +0200[0m - dagster - [34mINFO[0m - sync_all_series_job - 9e4f56b0-9770-4874-b415-180ae3721866 - sync_series - Série TMDB 60863 synchronisée
[32m2026-07-31 01:17:55 +0200[0m - dagster - [34mINFO[0m - sync_all_series_job - 9e4f56b0-9770-4874-b415-180ae3721866 - sync_series - Série TMDB 81356 synchronisée
[32m2026-07-31 01:17:56 +0200[0m - dagster - [34mINFO[0m - sync_all_series_job - 9e4f56b0-9770-4874-b415-180ae3721866 - sync_series - Série TMDB 244244 synchronisée
[32m2026-07-31 01:17:56 +0200[0m - dagster - [34mINFO[0m - sync_all_series_job - 9e4f56b0-9770-4874-b415-180ae3721866 - sync_series - Série TMDB 78457 synchronisée
[32m2026-07-31 01:17:57 +0200[0m - dagster - [34mINFO[0m - sync_all_series_job - 9e4f56b0-9770-4874-b415-180ae3721866 - sync_series - Série TMDB 99083 synchronisée
[32m2026-07-31 01:17:57 +0200[0m - dagster - [34mINFO[0m - sync_all_series_job - 9e4f56b0-9770-4874-b415-180ae3721866 - sync_series - Série TMDB 235571 synchronisée
[32m2026-07-31 01:17:58 +0200[0m - dagster - [34mINFO[0m - sync_all_series_job - 9e4f56b0-9770-4874-b415-180ae3721866 - sync_series - Série TMDB 46195 synchronisée
[32m2026-07-31 01:17:59 +0200[0m - dagster - [34mINFO[0m - sync_all_series_job - 9e4f56b0-9770-4874-b415-180ae3721866 - sync_series - Série TMDB 12609 synchronisée
[32m2026-07-31 01:18:00 +0200[0m - dagster - [34mINFO[0m - sync_all_series_job - 9e4f56b0-9770-4874-b415-180ae3721866 - sync_series - Série TMDB 65676 synchronisée
[32m2026-07-31 01:18:01 +0200[0m - dagster - [34mINFO[0m - sync_all_series_job - 9e4f56b0-9770-4874-b415-180ae3721866 - sync_series - Série TMDB 66958 synchronisée
[32m2026-07-31 01:18:02 +0200[0m - dagster - [34mINFO[0m - sync_all_series_job - 9e4f56b0-9770-4874-b415-180ae3721866 - sync_series - Série TMDB 96580 synchronisée
[32m2026-07-31 01:18:03 +0200[0m - dagster - [34mINFO[0m - sync_all_series_job - 9e4f56b0-9770-4874-b415-180ae3721866 - sync_series - Série TMDB 54344 synchronisée
[32m2026-07-31 01:18:03 +0200[0m - dagster - [34mINFO[0m - sync_all_series_job - 9e4f56b0-9770-4874-b415-180ae3721866 - sync_series - Série TMDB 114868 synchronisée
[32m2026-07-31 01:18:04 +0200[0m - dagster - [34mINFO[0m - sync_all_series_job - 9e4f56b0-9770-4874-b415-180ae3721866 - sync_series - Série TMDB 62745 synchronisée
[32m2026-07-31 01:18:05 +0200[0m - dagster - [34mINFO[0m - sync_all_series_job - 9e4f56b0-9770-4874-b415-180ae3721866 - sync_series - Série TMDB 73223 synchronisée
[32m2026-07-31 01:18:06 +0200[0m - dagster - [34mINFO[0m - sync_all_series_job - 9e4f56b0-9770-4874-b415-180ae3721866 - sync_series - Série TMDB 65329 synchronisée
[32m2026-07-31 01:18:07 +0200[0m - dagster - [34mINFO[0m - sync_all_series_job - 9e4f56b0-9770-4874-b415-180ae3721866 - sync_series - Série TMDB 2288 synchronisée
[32m2026-07-31 01:18:07 +0200[0m - dagster - [34mINFO[0m - sync_all_series_job - 9e4f56b0-9770-4874-b415-180ae3721866 - sync_series - Série TMDB 90814 synchronisée
[32m2026-07-31 01:18:08 +0200[0m - dagster - [34mINFO[0m - sync_all_series_job - 9e4f56b0-9770-4874-b415-180ae3721866 - sync_series - Série TMDB 232230 synchronisée
[32m2026-07-31 01:18:09 +0200[0m - dagster - [34mINFO[0m - sync_all_series_job - 9e4f56b0-9770-4874-b415-180ae3721866 - sync_series - Série TMDB 1481 synchronisée
[32m2026-07-31 01:18:11 +0200[0m - dagster - [34mINFO[0m - sync_all_series_job - 9e4f56b0-9770-4874-b415-180ae3721866 - sync_series - Série TMDB 1429 synchronisée
[32m2026-07-31 01:18:12 +0200[0m - dagster - [34mINFO[0m - sync_all_series_job - 9e4f56b0-9770-4874-b415-180ae3721866 - sync_series - Série TMDB 87142 synchronisée
[32m2026-07-31 01:18:13 +0200[0m - dagster - [34mINFO[0m - sync_all_series_job - 9e4f56b0-9770-4874-b415-180ae3721866 - sync_series - Série TMDB 100049 synchronisée
[32m2026-07-31 01:18:13 +0200[0m - dagster - [34mINFO[0m - sync_all_series_job - 9e4f56b0-9770-4874-b415-180ae3721866 - sync_series - Série TMDB 65369 synchronisée
[32m2026-07-31 01:18:13 +0200[0m - dagster - [34mINFO[0m - sync_all_series_job - 9e4f56b0-9770-4874-b415-180ae3721866 - sync_series - Série TMDB 241259 synchronisée
[32m2026-07-31 01:18:14 +0200[0m - dagster - [34mINFO[0m - sync_all_series_job - 9e4f56b0-9770-4874-b415-180ae3721866 - sync_series - Série TMDB 83100 synchronisée
[32m2026-07-31 01:18:15 +0200[0m - dagster - [34mINFO[0m - sync_all_series_job - 9e4f56b0-9770-4874-b415-180ae3721866 - sync_series - Série TMDB 79166 synchronisée
[32m2026-07-31 01:18:15 +0200[0m - dagster - [34mINFO[0m - sync_all_series_job - 9e4f56b0-9770-4874-b415-180ae3721866 - sync_series - Série TMDB 67676 synchronisée
[32m2026-07-31 01:18:16 +0200[0m - dagster - [34mINFO[0m - sync_all_series_job - 9e4f56b0-9770-4874-b415-180ae3721866 - sync_series - Série TMDB 217766 synchronisée
[32m2026-07-31 01:18:17 +0200[0m - dagster - [34mINFO[0m - sync_all_series_job - 9e4f56b0-9770-4874-b415-180ae3721866 - sync_series - Série TMDB 94664 synchronisée
[32m2026-07-31 01:18:18 +0200[0m - dagster - [34mINFO[0m - sync_all_series_job - 9e4f56b0-9770-4874-b415-180ae3721866 - sync_series - Série TMDB 37863 synchronisée
[32m2026-07-31 01:18:18 +0200[0m - dagster - [34mINFO[0m - sync_all_series_job - 9e4f56b0-9770-4874-b415-180ae3721866 - sync_series - Série TMDB 90999 synchronisée
[32m2026-07-31 01:18:19 +0200[0m - dagster - [34mINFO[0m - sync_all_series_job - 9e4f56b0-9770-4874-b415-180ae3721866 - sync_series - Série TMDB 77778 synchronisée
[32m2026-07-31 01:18:20 +0200[0m - dagster - [34mINFO[0m - sync_all_series_job - 9e4f56b0-9770-4874-b415-180ae3721866 - sync_series - Série TMDB 97617 synchronisée
[32m2026-07-31 01:18:21 +0200[0m - dagster - [34mINFO[0m - sync_all_series_job - 9e4f56b0-9770-4874-b415-180ae3721866 - sync_series - Série TMDB 88046 synchronisée
[32m2026-07-31 01:18:22 +0200[0m - dagster - [34mINFO[0m - sync_all_series_job - 9e4f56b0-9770-4874-b415-180ae3721866 - sync_series - Série TMDB 69478 synchronisée
[32m2026-07-31 01:18:23 +0200[0m - dagster - [34mINFO[0m - sync_all_series_job - 9e4f56b0-9770-4874-b415-180ae3721866 - sync_series - Série TMDB 69346 synchronisée
[32m2026-07-31 01:18:23 +0200[0m - dagster - [34mINFO[0m - sync_all_series_job - 9e4f56b0-9770-4874-b415-180ae3721866 - sync_series - Série TMDB 56998 synchronisée
[32m2026-07-31 01:18:24 +0200[0m - dagster - [34mINFO[0m - sync_all_series_job - 9e4f56b0-9770-4874-b415-180ae3721866 - sync_series - Série TMDB 42503 synchronisée
[32m2026-07-31 01:18:24 +0200[0m - dagster - [34mINFO[0m - sync_all_series_job - 9e4f56b0-9770-4874-b415-180ae3721866 - sync_series - Série TMDB 80477 synchronisée
[32m2026-07-31 01:18:24 +0200[0m - dagster - [34mINFO[0m - sync_all_series_job - 9e4f56b0-9770-4874-b415-180ae3721866 - sync_series - Série TMDB 100604 synchronisée
[32m2026-07-31 01:18:25 +0200[0m - dagster - [34mINFO[0m - sync_all_series_job - 9e4f56b0-9770-4874-b415-180ae3721866 - sync_series - Série TMDB 46298 synchronisée
[32m2026-07-31 01:18:27 +0200[0m - dagster - [34mINFO[0m - sync_all_series_job - 9e4f56b0-9770-4874-b415-180ae3721866 - sync_series - Série TMDB 45790 synchronisée
[32m2026-07-31 01:18:28 +0200[0m - dagster - [34mINFO[0m - sync_all_series_job - 9e4f56b0-9770-4874-b415-180ae3721866 - sync_series - Série TMDB 78102 synchronisée
[32m2026-07-31 01:18:30 +0200[0m - dagster - [34mINFO[0m - sync_all_series_job - 9e4f56b0-9770-4874-b415-180ae3721866 - sync_series - Série TMDB 30984 synchronisée
[32m2026-07-31 01:18:32 +0200[0m - dagster - [34mINFO[0m - sync_all_series_job - 9e4f56b0-9770-4874-b415-180ae3721866 - sync_series - Série TMDB 66732 synchronisée
[32m2026-07-31 01:18:32 +0200[0m - dagster - [34mINFO[0m - sync_all_series_job - 9e4f56b0-9770-4874-b415-180ae3721866 - sync_series - Série TMDB 240411 synchronisée
[32m2026-07-31 01:18:33 +0200[0m - dagster - [34mINFO[0m - sync_all_series_job - 9e4f56b0-9770-4874-b415-180ae3721866 - sync_series - Série TMDB 97825 synchronisée
[32m2026-07-31 01:18:33 +0200[0m - dagster - [34mINFO[0m - sync_all_series_job - 9e4f56b0-9770-4874-b415-180ae3721866 - sync_series - Série TMDB 112163 synchronisée
[32m2026-07-31 01:18:34 +0200[0m - dagster - [34mINFO[0m - sync_all_series_job - 9e4f56b0-9770-4874-b415-180ae3721866 - sync_series - Série TMDB 39434 synchronisée
[32m2026-07-31 01:18:36 +0200[0m - dagster - [34mINFO[0m - sync_all_series_job - 9e4f56b0-9770-4874-b415-180ae3721866 - sync_series - Série TMDB 120089 synchronisée
[32m2026-07-31 01:18:36 +0200[0m - dagster - [34mINFO[0m - sync_all_series_job - 9e4f56b0-9770-4874-b415-180ae3721866 - sync_series - Série TMDB 67683 synchronisée
[32m2026-07-31 01:18:37 +0200[0m - dagster - [34mINFO[0m - sync_all_series_job - 9e4f56b0-9770-4874-b415-180ae3721866 - sync_series - Série TMDB 63323 synchronisée
[32m2026-07-31 01:18:37 +0200[0m - dagster - [34mINFO[0m - sync_all_series_job - 9e4f56b0-9770-4874-b415-180ae3721866 - sync_series - Série TMDB 65955 synchronisée
[32m2026-07-31 01:18:38 +0200[0m - dagster - [34mINFO[0m - sync_all_series_job - 9e4f56b0-9770-4874-b415-180ae3721866 - sync_series - Série TMDB 131041 synchronisée
[32m2026-07-31 01:18:38 +0200[0m - dagster - [34mINFO[0m - sync_all_series_job - 9e4f56b0-9770-4874-b415-180ae3721866 - sync_series - Série TMDB 204635 synchronisée
[32m2026-07-31 01:18:39 +0200[0m - dagster - [34mINFO[0m - sync_all_series_job - 9e4f56b0-9770-4874-b415-180ae3721866 - sync_series - Série TMDB 80826 synchronisée
[32m2026-07-31 01:18:39 +0200[0m - dagster - [34mINFO[0m - sync_all_series_job - 9e4f56b0-9770-4874-b415-180ae3721866 - sync_series - Série TMDB 64671 synchronisée
[32m2026-07-31 01:18:40 +0200[0m - dagster - [34mINFO[0m - sync_all_series_job - 9e4f56b0-9770-4874-b415-180ae3721866 - sync_series - Série TMDB 63663 synchronisée
[32m2026-07-31 01:18:40 +0200[0m - dagster - [34mINFO[0m - sync_all_series_job - 9e4f56b0-9770-4874-b415-180ae3721866 - sync_series - Série TMDB 43125 synchronisée
[32m2026-07-31 01:18:41 +0200[0m - dagster - [34mINFO[0m - sync_all_series_job - 9e4f56b0-9770-4874-b415-180ae3721866 - sync_series - Série TMDB 62560 synchronisée
[32m2026-07-31 01:18:42 +0200[0m - dagster - [34mINFO[0m - sync_all_series_job - 9e4f56b0-9770-4874-b415-180ae3721866 - sync_series - Série TMDB 76121 synchronisée
[32m2026-07-31 01:18:43 +0200[0m - dagster - [34mINFO[0m - sync_all_series_job - 9e4f56b0-9770-4874-b415-180ae3721866 - sync_series - Série TMDB 203737 synchronisée
[32m2026-07-31 01:18:45 +0200[0m - dagster - [34mINFO[0m - sync_all_series_job - 9e4f56b0-9770-4874-b415-180ae3721866 - sync_series - Série TMDB 95479 synchronisée
[32m2026-07-31 01:18:46 +0200[0m - dagster - [34mINFO[0m - sync_all_series_job - 9e4f56b0-9770-4874-b415-180ae3721866 - sync_series - Série TMDB 214540 synchronisée
[32m2026-07-31 01:18:47 +0200[0m - dagster - [34mINFO[0m - sync_all_series_job - 9e4f56b0-9770-4874-b415-180ae3721866 - sync_series - Série TMDB 62104 synchronisée
[32m2026-07-31 01:18:47 +0200[0m - dagster - [34mINFO[0m - sync_all_series_job - 9e4f56b0-9770-4874-b415-180ae3721866 - sync_series - Série TMDB 94954 synchronisée
[32m2026-07-31 01:18:48 +0200[0m - dagster - [34mINFO[0m - sync_all_series_job - 9e4f56b0-9770-4874-b415-180ae3721866 - sync_series - Série TMDB 209867 synchronisée
[32m2026-07-31 01:18:49 +0200[0m - dagster - [34mINFO[0m - sync_all_series_job - 9e4f56b0-9770-4874-b415-180ae3721866 - sync_series - Série TMDB 37471 synchronisée
[32m2026-07-31 01:18:49 +0200[0m - dagster - [34mINFO[0m - sync_all_series_job - 9e4f56b0-9770-4874-b415-180ae3721866 - sync_series - Série TMDB 98491 synchronisée
[32m2026-07-31 01:18:50 +0200[0m - dagster - [34mINFO[0m - sync_all_series_job - 9e4f56b0-9770-4874-b415-180ae3721866 - sync_series - Série TMDB 242181 synchronisée
[32m2026-07-31 01:18:51 +0200[0m - dagster - [34mINFO[0m - sync_all_series_job - 9e4f56b0-9770-4874-b415-180ae3721866 - sync_series - Série TMDB 220542 synchronisée
[32m2026-07-31 01:18:51 +0200[0m - dagster - [34mINFO[0m - sync_all_series_job - 9e4f56b0-9770-4874-b415-180ae3721866 - sync_series - Série TMDB 111576 synchronisée
[32m2026-07-31 01:18:52 +0200[0m - dagster - [34mINFO[0m - sync_all_series_job - 9e4f56b0-9770-4874-b415-180ae3721866 - sync_series - Série TMDB 97525 synchronisée
[32m2026-07-31 01:18:53 +0200[0m - dagster - [34mINFO[0m - sync_all_series_job - 9e4f56b0-9770-4874-b415-180ae3721866 - sync_series - Série TMDB 96402 synchronisée
[32m2026-07-31 01:18:53 +0200[0m - dagster - [34mINFO[0m - sync_all_series_job - 9e4f56b0-9770-4874-b415-180ae3721866 - sync_series - Série TMDB 61901 synchronisée
[32m2026-07-31 01:18:54 +0200[0m - dagster - [34mINFO[0m - sync_all_series_job - 9e4f56b0-9770-4874-b415-180ae3721866 - sync_series - Série TMDB 45125 synchronisée
[32m2026-07-31 01:18:54 +0200[0m - dagster - [34mINFO[0m - sync_all_series_job - 9e4f56b0-9770-4874-b415-180ae3721866 - sync_series - Série TMDB 72636 synchronisée
[32m2026-07-31 01:18:55 +0200[0m - dagster - [34mINFO[0m - sync_all_series_job - 9e4f56b0-9770-4874-b415-180ae3721866 - sync_series - Série TMDB 218342 synchronisée
[32m2026-07-31 01:18:55 +0200[0m - dagster - [34mINFO[0m - sync_all_series_job - 9e4f56b0-9770-4874-b415-180ae3721866 - sync_series - Série TMDB 63145 synchronisée
[32m2026-07-31 01:18:56 +0200[0m - dagster - [34mINFO[0m - sync_all_series_job - 9e4f56b0-9770-4874-b415-180ae3721866 - sync_series - Série TMDB 252372 synchronisée
[32m2026-07-31 01:18:57 +0200[0m - dagster - [34mINFO[0m - sync_all_series_job - 9e4f56b0-9770-4874-b415-180ae3721866 - sync_series - Série TMDB 79696 synchronisée
[32m2026-07-31 01:18:57 +0200[0m - dagster - [34mINFO[0m - sync_all_series_job - 9e4f56b0-9770-4874-b415-180ae3721866 - sync_series - Série TMDB 99807 synchronisée
[32m2026-07-31 01:18:58 +0200[0m - dagster - [34mINFO[0m - sync_all_series_job - 9e4f56b0-9770-4874-b415-180ae3721866 - sync_series - Série TMDB 80213 synchronisée
[32m2026-07-31 01:18:59 +0200[0m - dagster - [34mINFO[0m - sync_all_series_job - 9e4f56b0-9770-4874-b415-180ae3721866 - sync_series - Série TMDB 111255 synchronisée
[32m2026-07-31 01:18:59 +0200[0m - dagster - [34mINFO[0m - sync_all_series_job - 9e4f56b0-9770-4874-b415-180ae3721866 - sync_series - Série TMDB 312506 synchronisée
[32m2026-07-31 01:18:59 +0200[0m - dagster - [34mINFO[0m - sync_all_series_job - 9e4f56b0-9770-4874-b415-180ae3721866 - sync_series - Série TMDB 61664 synchronisée
[32m2026-07-31 01:19:00 +0200[0m - dagster - [34mINFO[0m - sync_all_series_job - 9e4f56b0-9770-4874-b415-180ae3721866 - sync_series - Série TMDB 72026 synchronisée
[32m2026-07-31 01:19:01 +0200[0m - dagster - [34mINFO[0m - sync_all_series_job - 9e4f56b0-9770-4874-b415-180ae3721866 - sync_series - Série TMDB 93816 synchronisée
[32m2026-07-31 01:19:01 +0200[0m - dagster - [34mINFO[0m - sync_all_series_job - 9e4f56b0-9770-4874-b415-180ae3721866 - sync_series - Série TMDB 128068 synchronisée
[32m2026-07-31 01:19:02 +0200[0m - dagster - [34mINFO[0m - sync_all_series_job - 9e4f56b0-9770-4874-b415-180ae3721866 - sync_series - Série TMDB 42589 synchronisée
[32m2026-07-31 01:19:02 +0200[0m - dagster - [34mINFO[0m - sync_all_series_job - 9e4f56b0-9770-4874-b415-180ae3721866 - sync_series - Série TMDB 31724 synchronisée
[32m2026-07-31 01:19:03 +0200[0m - dagster - [34mINFO[0m - sync_all_series_job - 9e4f56b0-9770-4874-b415-180ae3721866 - sync_series - Série TMDB 121860 synchronisée
[32m2026-07-31 01:19:03 +0200[0m - dagster - [34mINFO[0m - sync_all_series_job - 9e4f56b0-9770-4874-b415-180ae3721866 - sync_series - Série TMDB 105556 synchronisée
[32m2026-07-31 01:19:04 +0200[0m - dagster - [34mINFO[0m - sync_all_series_job - 9e4f56b0-9770-4874-b415-180ae3721866 - sync_series - Série TMDB 72792 synchronisée
[32m2026-07-31 01:19:04 +0200[0m - dagster - [34mINFO[0m - sync_all_series_job - 9e4f56b0-9770-4874-b415-180ae3721866 - sync_series - Série TMDB 16660 synchronisée
[32m2026-07-31 01:19:05 +0200[0m - dagster - [34mINFO[0m - sync_all_series_job - 9e4f56b0-9770-4874-b415-180ae3721866 - sync_series - Série TMDB 72517 synchronisée
[32m2026-07-31 01:19:06 +0200[0m - dagster - [34mINFO[0m - sync_all_series_job - 9e4f56b0-9770-4874-b415-180ae3721866 - sync_series - Série TMDB 127532 synchronisée
[32m2026-07-31 01:19:06 +0200[0m - dagster - [34mINFO[0m - sync_all_series_job - 9e4f56b0-9770-4874-b415-180ae3721866 - sync_series - Série TMDB 87108 synchronisée
[32m2026-07-31 01:19:07 +0200[0m - dagster - [34mINFO[0m - sync_all_series_job - 9e4f56b0-9770-4874-b415-180ae3721866 - sync_series - Série TMDB 72305 synchronisée
[32m2026-07-31 01:19:07 +0200[0m - dagster - [34mINFO[0m - sync_all_series_job - 9e4f56b0-9770-4874-b415-180ae3721866 - sync_series - Série TMDB 138183 synchronisée
[32m2026-07-31 01:19:08 +0200[0m - dagster - [34mINFO[0m - sync_all_series_job - 9e4f56b0-9770-4874-b415-180ae3721866 - sync_series - Série TMDB 65931 synchronisée
[32m2026-07-31 01:19:09 +0200[0m - dagster - [34mINFO[0m - sync_all_series_job - 9e4f56b0-9770-4874-b415-180ae3721866 - sync_series - Série TMDB 74204 synchronisée
[32m2026-07-31 01:19:10 +0200[0m - dagster - [34mINFO[0m - sync_all_series_job - 9e4f56b0-9770-4874-b415-180ae3721866 - sync_series - Série TMDB 61663 synchronisée
[32m2026-07-31 01:19:10 +0200[0m - dagster - [34mINFO[0m - sync_all_series_job - 9e4f56b0-9770-4874-b415-180ae3721866 - sync_series - Série TMDB 112940 synchronisée
[32m2026-07-31 01:19:11 +0200[0m - dagster - [34mINFO[0m - sync_all_series_job - 9e4f56b0-9770-4874-b415-180ae3721866 - sync_series - Série TMDB 72844 synchronisée
[32m2026-07-31 01:19:11 +0200[0m - dagster - [34mINFO[0m - sync_all_series_job - 9e4f56b0-9770-4874-b415-180ae3721866 - sync_series - Série TMDB 82739 synchronisée
[32m2026-07-31 01:19:12 +0200[0m - dagster - [34mINFO[0m - sync_all_series_job - 9e4f56b0-9770-4874-b415-180ae3721866 - sync_series - Série TMDB 210232 synchronisée
[32m2026-07-31 01:19:12 +0200[0m - dagster - [34mINFO[0m - sync_all_series_job - 9e4f56b0-9770-4874-b415-180ae3721866 - sync_series - Série TMDB 216082 synchronisée
[32m2026-07-31 01:19:13 +0200[0m - dagster - [34mINFO[0m - sync_all_series_job - 9e4f56b0-9770-4874-b415-180ae3721866 - sync_series - Série TMDB 53425 synchronisée
[32m2026-07-31 01:19:13 +0200[0m - dagster - [34mINFO[0m - sync_all_series_job - 9e4f56b0-9770-4874-b415-180ae3721866 - sync_series - Série TMDB 133700 synchronisée
[32m2026-07-31 01:19:14 +0200[0m - dagster - [34mINFO[0m - sync_all_series_job - 9e4f56b0-9770-4874-b415-180ae3721866 - sync_series - Série TMDB 68467 synchronisée
[32m2026-07-31 01:19:15 +0200[0m - dagster - [34mINFO[0m - sync_all_series_job - 9e4f56b0-9770-4874-b415-180ae3721866 - sync_series - Série TMDB 42410 synchronisée
[32m2026-07-31 01:19:15 +0200[0m - dagster - [34mINFO[0m - sync_all_series_job - 9e4f56b0-9770-4874-b415-180ae3721866 - sync_series - Série TMDB 108977 synchronisée
[32m2026-07-31 01:19:15 +0200[0m - dagster - [34mINFO[0m - sync_all_series_job - 9e4f56b0-9770-4874-b415-180ae3721866 - sync_series - Série TMDB 207411 synchronisée
[32m2026-07-31 01:19:16 +0200[0m - dagster - [34mINFO[0m - sync_all_series_job - 9e4f56b0-9770-4874-b415-180ae3721866 - sync_series - Série TMDB 97400 synchronisée
[32m2026-07-31 01:19:16 +0200[0m - dagster - [34mINFO[0m - sync_all_series_job - 9e4f56b0-9770-4874-b415-180ae3721866 - sync_series - Série TMDB 61421 synchronisée
[32m2026-07-31 01:19:21 +0200[0m - dagster - [34mINFO[0m - sync_all_series_job - 9e4f56b0-9770-4874-b415-180ae3721866 - sync_series - Série TMDB 31910 synchronisée
[32m2026-07-31 01:19:23 +0200[0m - dagster - [34mINFO[0m - sync_all_series_job - 9e4f56b0-9770-4874-b415-180ae3721866 - sync_series - Série TMDB 57041 synchronisée
[32m2026-07-31 01:19:23 +0200[0m - dagster - [34mINFO[0m - sync_all_series_job - 9e4f56b0-9770-4874-b415-180ae3721866 - sync_series - Série TMDB 62327 synchronisée
[32m2026-07-31 01:19:24 +0200[0m - dagster - [34mINFO[0m - sync_all_series_job - 9e4f56b0-9770-4874-b415-180ae3721866 - sync_series - Série TMDB 100077 synchronisée
[32m2026-07-31 01:19:24 +0200[0m - dagster - [34mINFO[0m - sync_all_series_job - 9e4f56b0-9770-4874-b415-180ae3721866 - sync_series - Série TMDB 98986 synchronisée
[32m2026-07-31 01:19:25 +0200[0m - dagster - [34mINFO[0m - sync_all_series_job - 9e4f56b0-9770-4874-b415-180ae3721866 - sync_series - Série TMDB 69295 synchronisée
[32m2026-07-31 01:19:26 +0200[0m - dagster - [34mINFO[0m - sync_all_series_job - 9e4f56b0-9770-4874-b415-180ae3721866 - sync_series - Série TMDB 204832 synchronisée
[32m2026-07-31 01:19:26 +0200[0m - dagster - [34mINFO[0m - sync_all_series_job - 9e4f56b0-9770-4874-b415-180ae3721866 - sync_series - Série TMDB 85844 synchronisée
[32m2026-07-31 01:19:26 +0200[0m - dagster - [34mINFO[0m - sync_all_series_job - 9e4f56b0-9770-4874-b415-180ae3721866 - sync_series - Série TMDB 258580 synchronisée
[32m2026-07-31 01:19:27 +0200[0m - dagster - [34mINFO[0m - sync_all_series_job - 9e4f56b0-9770-4874-b415-180ae3721866 - sync_series - Série TMDB 61223 synchronisée
[32m2026-07-31 01:19:28 +0200[0m - dagster - [34mINFO[0m - sync_all_series_job - 9e4f56b0-9770-4874-b415-180ae3721866 - sync_series - Série TMDB 88236 synchronisée
[32m2026-07-31 01:19:28 +0200[0m - dagster - [34mINFO[0m - sync_all_series_job - 9e4f56b0-9770-4874-b415-180ae3721866 - sync_series - Série TMDB 194665 synchronisée
[32m2026-07-31 01:19:28 +0200[0m - dagster - [34mINFO[0m - sync_all_series_job - 9e4f56b0-9770-4874-b415-180ae3721866 - sync_series - Série TMDB 66870 synchronisée
[32m2026-07-31 01:19:29 +0200[0m - dagster - [34mINFO[0m - sync_all_series_job - 9e4f56b0-9770-4874-b415-180ae3721866 - sync_series - Série TMDB 65784 synchronisée
[32m2026-07-31 01:19:30 +0200[0m - dagster - [34mINFO[0m - sync_all_series_job - 9e4f56b0-9770-4874-b415-180ae3721866 - sync_series - Série TMDB 117465 synchronisée
[32m2026-07-31 01:19:30 +0200[0m - dagster - [34mINFO[0m - sync_all_series_job - 9e4f56b0-9770-4874-b415-180ae3721866 - sync_series - Série TMDB 80564 synchronisée
[32m2026-07-31 01:19:31 +0200[0m - dagster - [34mINFO[0m - sync_all_series_job - 9e4f56b0-9770-4874-b415-180ae3721866 - sync_series - Série TMDB 62687 synchronisée
[32m2026-07-31 01:19:31 +0200[0m - dagster - [34mINFO[0m - sync_all_series_job - 9e4f56b0-9770-4874-b415-180ae3721866 - sync_series - Série TMDB 76719 synchronisée
[32m2026-07-31 01:19:32 +0200[0m - dagster - [34mINFO[0m - sync_all_series_job - 9e4f56b0-9770-4874-b415-180ae3721866 - sync_series - Série TMDB 114892 synchronisée
[32m2026-07-31 01:19:32 +0200[0m - dagster - [34mINFO[0m - sync_all_series_job - 9e4f56b0-9770-4874-b415-180ae3721866 - sync_series - Série TMDB 284445 synchronisée
[32m2026-07-31 01:19:33 +0200[0m - dagster - [34mINFO[0m - sync_all_series_job - 9e4f56b0-9770-4874-b415-180ae3721866 - sync_series - Série TMDB 96316 synchronisée
[32m2026-07-31 01:19:33 +0200[0m - dagster - [34mINFO[0m - sync_all_series_job - 9e4f56b0-9770-4874-b415-180ae3721866 - sync_series - Série TMDB 85940 synchronisée
[32m2026-07-31 01:19:34 +0200[0m - dagster - [34mINFO[0m - sync_all_series_job - 9e4f56b0-9770-4874-b415-180ae3721866 - sync_series - Série TMDB 98123 synchronisée
[32m2026-07-31 01:19:35 +0200[0m - dagster - [34mINFO[0m - sync_all_series_job - 9e4f56b0-9770-4874-b415-180ae3721866 - sync_series - Série TMDB 67389 synchronisée
[32m2026-07-31 01:19:35 +0200[0m - dagster - [34mINFO[0m - sync_all_series_job - 9e4f56b0-9770-4874-b415-180ae3721866 - sync_series - Série TMDB 256721 synchronisée
[32m2026-07-31 01:19:36 +0200[0m - dagster - [34mINFO[0m - sync_all_series_job - 9e4f56b0-9770-4874-b415-180ae3721866 - sync_series - Série TMDB 208493 synchronisée
[32m2026-07-31 01:19:36 +0200[0m - dagster - [34mINFO[0m - sync_all_series_job - 9e4f56b0-9770-4874-b415-180ae3721866 - sync_series - Série TMDB 86034 synchronisée
[32m2026-07-31 01:19:37 +0200[0m - dagster - [34mINFO[0m - sync_all_series_job - 9e4f56b0-9770-4874-b415-180ae3721866 - sync_series - Série TMDB 105009 synchronisée
[32m2026-07-31 01:19:38 +0200[0m - dagster - [34mINFO[0m - sync_all_series_job - 9e4f56b0-9770-4874-b415-180ae3721866 - sync_series - Série TMDB 88803 synchronisée
[32m2026-07-31 01:19:39 +0200[0m - dagster - [34mINFO[0m - sync_all_series_job - 9e4f56b0-9770-4874-b415-180ae3721866 - sync_series - Série TMDB 46786 synchronisée
[32m2026-07-31 01:19:40 +0200[0m - dagster - [34mINFO[0m - sync_all_series_job - 9e4f56b0-9770-4874-b415-180ae3721866 - sync_series - Série TMDB 64464 synchronisée
[32m2026-07-31 01:19:40 +0200[0m - dagster - [34mINFO[0m - sync_all_series_job - 9e4f56b0-9770-4874-b415-180ae3721866 - sync_series - Série TMDB 16372 synchronisée
[32m2026-07-31 01:19:43 +0200[0m - dagster - [34mINFO[0m - sync_all_series_job - 9e4f56b0-9770-4874-b415-180ae3721866 - sync_series - Série TMDB 63247 synchronisée
[32m2026-07-31 01:19:43 +0200[0m - dagster - [34mINFO[0m - sync_all_series_job - 9e4f56b0-9770-4874-b415-180ae3721866 - sync_series - Série TMDB 113036 synchronisée
[32m2026-07-31 01:19:44 +0200[0m - dagster - [34mINFO[0m - sync_all_series_job - 9e4f56b0-9770-4874-b415-180ae3721866 - sync_series - Série TMDB 36581 synchronisée
[32m2026-07-31 01:19:44 +0200[0m - dagster - [34mINFO[0m - sync_all_series_job - 9e4f56b0-9770-4874-b415-180ae3721866 - sync_series - Série TMDB 80613 synchronisée
[32m2026-07-31 01:19:45 +0200[0m - dagster - [34mINFO[0m - sync_all_series_job - 9e4f56b0-9770-4874-b415-180ae3721866 - sync_series - Série TMDB 79680 synchronisée
[32m2026-07-31 01:19:46 +0200[0m - dagster - [34mINFO[0m - sync_all_series_job - 9e4f56b0-9770-4874-b415-180ae3721866 - sync_series - Série TMDB 113687 synchronisée
[32m2026-07-31 01:19:46 +0200[0m - dagster - [34mINFO[0m - sync_all_series_job - 9e4f56b0-9770-4874-b415-180ae3721866 - sync_series - Série TMDB 224021 synchronisée
[32m2026-07-31 01:19:47 +0200[0m - dagster - [34mINFO[0m - sync_all_series_job - 9e4f56b0-9770-4874-b415-180ae3721866 - sync_series - Série TMDB 93405 synchronisée
[32m2026-07-31 01:19:47 +0200[0m - dagster - [34mINFO[0m - sync_all_series_job - 9e4f56b0-9770-4874-b415-180ae3721866 - sync_series - Série TMDB 75208 synchronisée
[32m2026-07-31 01:19:48 +0200[0m - dagster - [34mINFO[0m - sync_all_series_job - 9e4f56b0-9770-4874-b415-180ae3721866 - sync_series - Série TMDB 74577 synchronisée
[32m2026-07-31 01:19:48 +0200[0m - dagster - [34mINFO[0m - sync_all_series_job - 9e4f56b0-9770-4874-b415-180ae3721866 - sync_series - Série TMDB 43270 synchronisée
[32m2026-07-31 01:19:49 +0200[0m - dagster - [34mINFO[0m - sync_all_series_job - 9e4f56b0-9770-4874-b415-180ae3721866 - sync_series - Série TMDB 75214 synchronisée
[32m2026-07-31 01:19:50 +0200[0m - dagster - [34mINFO[0m - sync_all_series_job - 9e4f56b0-9770-4874-b415-180ae3721866 - sync_series - Série TMDB 46639 synchronisée
[32m2026-07-31 01:19:50 +0200[0m - dagster - [34mINFO[0m - sync_all_series_job - 9e4f56b0-9770-4874-b415-180ae3721866 - sync_series - Série TMDB 123876 synchronisée
[32m2026-07-31 01:19:52 +0200[0m - dagster - [34mINFO[0m - sync_all_series_job - 9e4f56b0-9770-4874-b415-180ae3721866 - sync_series - Série TMDB 1639 synchronisée
[32m2026-07-31 01:19:52 +0200[0m - dagster - [34mINFO[0m - sync_all_series_job - 9e4f56b0-9770-4874-b415-180ae3721866 - sync_series - Série TMDB 156484 synchronisée
[32m2026-07-31 01:19:53 +0200[0m - dagster - [34mINFO[0m - sync_all_series_job - 9e4f56b0-9770-4874-b415-180ae3721866 - sync_series - Série TMDB 231677 synchronisée
[32m2026-07-31 01:19:53 +0200[0m - dagster - [34mINFO[0m - sync_all_series_job - 9e4f56b0-9770-4874-b415-180ae3721866 - sync_series - Série TMDB 37858 synchronisée
[32m2026-07-31 01:19:55 +0200[0m - dagster - [34mINFO[0m - sync_all_series_job - 9e4f56b0-9770-4874-b415-180ae3721866 - sync_series - Série TMDB 86831 synchronisée
[32m2026-07-31 01:19:55 +0200[0m - dagster - [34mINFO[0m - sync_all_series_job - 9e4f56b0-9770-4874-b415-180ae3721866 - sync_series - Série TMDB 84980 synchronisée
[32m2026-07-31 01:19:56 +0200[0m - dagster - [34mINFO[0m - sync_all_series_job - 9e4f56b0-9770-4874-b415-180ae3721866 - sync_series - Série TMDB 112613 synchronisée
[32m2026-07-31 01:19:57 +0200[0m - dagster - [34mINFO[0m - sync_all_series_job - 9e4f56b0-9770-4874-b415-180ae3721866 - sync_series - Série TMDB 61259 synchronisée
[32m2026-07-31 01:19:57 +0200[0m - dagster - [34mINFO[0m - sync_all_series_job - 9e4f56b0-9770-4874-b415-180ae3721866 - sync_series - Série TMDB 110316 synchronisée
[32m2026-07-31 01:19:58 +0200[0m - dagster - [34mINFO[0m - sync_all_series_job - 9e4f56b0-9770-4874-b415-180ae3721866 - sync_series - Série TMDB 65249 synchronisée
[32m2026-07-31 01:19:58 +0200[0m - dagster - [34mINFO[0m - sync_all_series_job - 9e4f56b0-9770-4874-b415-180ae3721866 - sync_series - Série TMDB 210942 synchronisée
[32m2026-07-31 01:19:59 +0200[0m - dagster - [34mINFO[0m - sync_all_series_job - 9e4f56b0-9770-4874-b415-180ae3721866 - sync_series - Série TMDB 61374 synchronisée
[32m2026-07-31 01:19:59 +0200[0m - dagster - [34mINFO[0m - sync_all_series_job - 9e4f56b0-9770-4874-b415-180ae3721866 - sync_series - Série TMDB 249042 synchronisée
[32m2026-07-31 01:20:00 +0200[0m - dagster - [34mINFO[0m - sync_all_series_job - 9e4f56b0-9770-4874-b415-180ae3721866 - sync_series - Série TMDB 66941 synchronisée
[32m2026-07-31 01:20:02 +0200[0m - dagster - [34mINFO[0m - sync_all_series_job - 9e4f56b0-9770-4874-b415-180ae3721866 - sync_series - Série TMDB 65930 synchronisée
[32m2026-07-31 01:20:03 +0200[0m - dagster - [34mINFO[0m - sync_all_series_job - 9e4f56b0-9770-4874-b415-180ae3721866 - sync_series - Série TMDB 43865 synchronisée
[32m2026-07-31 01:20:03 +0200[0m - dagster - [34mINFO[0m - sync_all_series_job - 9e4f56b0-9770-4874-b415-180ae3721866 - sync_series - Série TMDB 220801 synchronisée
[32m2026-07-31 01:20:04 +0200[0m - dagster - [34mINFO[0m - sync_all_series_job - 9e4f56b0-9770-4874-b415-180ae3721866 - sync_series - Série TMDB 50712 synchronisée
[32m2026-07-31 01:20:05 +0200[0m - dagster - [34mINFO[0m - sync_all_series_job - 9e4f56b0-9770-4874-b415-180ae3721866 - sync_series - Série TMDB 117933 synchronisée
[32m2026-07-31 01:20:05 +0200[0m - dagster - [34mINFO[0m - sync_all_series_job - 9e4f56b0-9770-4874-b415-180ae3721866 - sync_series - Série TMDB 244431 synchronisée
[32m2026-07-31 01:20:08 +0200[0m - dagster - [34mINFO[0m - sync_all_series_job - 9e4f56b0-9770-4874-b415-180ae3721866 - sync_series - Série TMDB 46260 synchronisée
[32m2026-07-31 01:20:08 +0200[0m - dagster - [34mINFO[0m - sync_all_series_job - 9e4f56b0-9770-4874-b415-180ae3721866 - sync_series - Série TMDB 244243 synchronisée
[32m2026-07-31 01:20:09 +0200[0m - dagster - [34mINFO[0m - sync_all_series_job - 9e4f56b0-9770-4874-b415-180ae3721866 - sync_series - Série TMDB 69291 synchronisée
[32m2026-07-31 01:20:09 +0200[0m - dagster - [34mINFO[0m - sync_all_series_job - 9e4f56b0-9770-4874-b415-180ae3721866 - sync_series - Série TMDB 96203 synchronisée
[32m2026-07-31 01:20:10 +0200[0m - dagster - [34mINFO[0m - sync_all_series_job - 9e4f56b0-9770-4874-b415-180ae3721866 - sync_series - Série TMDB 133784 synchronisée
[32m2026-07-31 01:20:10 +0200[0m - dagster - [34mINFO[0m - sync_all_series_job - 9e4f56b0-9770-4874-b415-180ae3721866 - sync_series - Série TMDB 42509 synchronisée
[32m2026-07-31 01:20:13 +0200[0m - dagster - [34mINFO[0m - sync_all_series_job - 9e4f56b0-9770-4874-b415-180ae3721866 - sync_series - Série TMDB 42009 synchronisée
[32m2026-07-31 01:20:14 +0200[0m - dagster - [34mINFO[0m - sync_all_series_job - 9e4f56b0-9770-4874-b415-180ae3721866 - sync_series - Série TMDB 61415 synchronisée
[32m2026-07-31 01:20:14 +0200[0m - dagster - [34mINFO[0m - sync_all_series_job - 9e4f56b0-9770-4874-b415-180ae3721866 - sync_series - Série TMDB 60715 synchronisée
[32m2026-07-31 01:20:15 +0200[0m - dagster - [34mINFO[0m - sync_all_series_job - 9e4f56b0-9770-4874-b415-180ae3721866 - sync_series - Série TMDB 1396 synchronisée
[32m2026-07-31 01:20:17 +0200[0m - dagster - [34mINFO[0m - sync_all_series_job - 9e4f56b0-9770-4874-b415-180ae3721866 - sync_series - Série TMDB 45782 synchronisée
[32m2026-07-31 01:20:17 +0200[0m - dagster - [34mINFO[0m - sync_all_series_job - 9e4f56b0-9770-4874-b415-180ae3721866 - sync_series - Série TMDB 85942 synchronisée
[32m2026-07-31 01:20:18 +0200[0m - dagster - [34mINFO[0m - sync_all_series_job - 9e4f56b0-9770-4874-b415-180ae3721866 - sync_series - Série TMDB 64710 synchronisée
[32m2026-07-31 01:20:19 +0200[0m - dagster - [34mINFO[0m - sync_all_series_job - 9e4f56b0-9770-4874-b415-180ae3721866 - sync_series - Série TMDB 62715 synchronisée
[32m2026-07-31 01:20:19 +0200[0m - dagster - [34mINFO[0m - sync_all_series_job - 9e4f56b0-9770-4874-b415-180ae3721866 - sync_series - Série TMDB 83659 synchronisée
[32m2026-07-31 01:20:21 +0200[0m - dagster - [34mINFO[0m - sync_all_series_job - 9e4f56b0-9770-4874-b415-180ae3721866 - sync_series - Série TMDB 44217 synchronisée
[32m2026-07-31 01:20:21 +0200[0m - dagster - [34mINFO[0m - sync_all_series_job - 9e4f56b0-9770-4874-b415-180ae3721866 - sync_series - Série TMDB 207878 synchronisée
[32m2026-07-31 01:20:22 +0200[0m - dagster - [34mINFO[0m - sync_all_series_job - 9e4f56b0-9770-4874-b415-180ae3721866 - sync_series - Série TMDB 108545 synchronisée
[32m2026-07-31 01:20:23 +0200[0m - dagster - [34mINFO[0m - sync_all_series_job - 9e4f56b0-9770-4874-b415-180ae3721866 - sync_series - Série TMDB 60625 synchronisée
[32m2026-07-31 01:20:24 +0200[0m - dagster - [34mINFO[0m - sync_all_series_job - 9e4f56b0-9770-4874-b415-180ae3721866 - sync_series - Série TMDB 75775 synchronisée
[32m2026-07-31 01:20:24 +0200[0m - dagster - [34mINFO[0m - sync_all_series_job - 9e4f56b0-9770-4874-b415-180ae3721866 - sync_series - Série TMDB 65439 synchronisée
[32m2026-07-31 01:20:25 +0200[0m - dagster - [34mINFO[0m - sync_all_series_job - 9e4f56b0-9770-4874-b415-180ae3721866 - sync_series - Série TMDB 70523 synchronisée
[32m2026-07-31 01:20:25 +0200[0m - dagster - [34mINFO[0m - sync_all_series_job - 9e4f56b0-9770-4874-b415-180ae3721866 - sync_series - Série TMDB 65944 synchronisée
[32m2026-07-31 01:20:26 +0200[0m - dagster - [34mINFO[0m - sync_all_series_job - 9e4f56b0-9770-4874-b415-180ae3721866 - sync_series - Série TMDB 106519 synchronisée
[32m2026-07-31 01:20:26 +0200[0m - dagster - [34mINFO[0m - sync_all_series_job - 9e4f56b0-9770-4874-b415-180ae3721866 - sync_series - Série TMDB 99779 synchronisée
[32m2026-07-31 01:20:27 +0200[0m - dagster - [34mINFO[0m - sync_all_series_job - 9e4f56b0-9770-4874-b415-180ae3721866 - sync_series - Série TMDB 121787 synchronisée
[32m2026-07-31 01:20:28 +0200[0m - dagster - [34mINFO[0m - sync_all_series_job - 9e4f56b0-9770-4874-b415-180ae3721866 - sync_series - Série TMDB 60858 synchronisée
[32m2026-07-31 01:20:28 +0200[0m - dagster - [34mINFO[0m - sync_all_series_job - 9e4f56b0-9770-4874-b415-180ae3721866 - sync_series - Série TMDB 42671 synchronisée
[32m2026-07-31 01:20:29 +0200[0m - dagster - [34mINFO[0m - sync_all_series_job - 9e4f56b0-9770-4874-b415-180ae3721866 - sync_series - Série TMDB 46041 synchronisée
[32m2026-07-31 01:20:29 +0200[0m - dagster - [34mINFO[0m - sync_all_series_job - 9e4f56b0-9770-4874-b415-180ae3721866 - sync_series - Série TMDB 60834 synchronisée
[32m2026-07-31 01:20:29 +0200[0m - dagster - [34mINFO[0m - sync_all_series_job - 9e4f56b0-9770-4874-b415-180ae3721866 - sync_series - Série TMDB 54930 synchronisée
[32m2026-07-31 01:20:30 +0200[0m - dagster - [34mINFO[0m - sync_all_series_job - 9e4f56b0-9770-4874-b415-180ae3721866 - sync_series - Série TMDB 65333 synchronisée
[32m2026-07-31 01:20:30 +0200[0m - dagster - [34mINFO[0m - sync_all_series_job - 9e4f56b0-9770-4874-b415-180ae3721866 - sync_series - Série TMDB 80563 synchronisée
[32m2026-07-31 01:20:31 +0200[0m - dagster - [34mINFO[0m - sync_all_series_job - 9e4f56b0-9770-4874-b415-180ae3721866 - sync_series - Série TMDB 13916 synchronisée
[32m2026-07-31 01:20:32 +0200[0m - dagster - [34mINFO[0m - sync_all_series_job - 9e4f56b0-9770-4874-b415-180ae3721866 - sync_series - Série TMDB 34791 synchronisée
[32m2026-07-31 01:20:33 +0200[0m - dagster - [34mINFO[0m - sync_all_series_job - 9e4f56b0-9770-4874-b415-180ae3721866 - sync_series - Série TMDB 47665 synchronisée
[32m2026-07-31 01:20:33 +0200[0m - dagster - [34mINFO[0m - sync_all_series_job - 9e4f56b0-9770-4874-b415-180ae3721866 - sync_series - Série TMDB 208067 synchronisée
[32m2026-07-31 01:20:33 +0200[0m - dagster - [34mINFO[0m - sync_all_series_job - 9e4f56b0-9770-4874-b415-180ae3721866 - sync_series - Série TMDB 275388 synchronisée
[32m2026-07-31 01:20:34 +0200[0m - dagster - [34mINFO[0m - sync_all_series_job - 9e4f56b0-9770-4874-b415-180ae3721866 - sync_series - Série TMDB 243961 synchronisée
[32m2026-07-31 01:20:34 +0200[0m - dagster - [34mINFO[0m - sync_all_series_job - 9e4f56b0-9770-4874-b415-180ae3721866 - sync_series - Série TMDB 62602 synchronisée
[32m2026-07-31 01:20:35 +0200[0m - dagster - [34mINFO[0m - sync_all_series_job - 9e4f56b0-9770-4874-b415-180ae3721866 - sync_series - Série TMDB 83103 synchronisée
[32m2026-07-31 01:20:35 +0200[0m - dagster - [34mINFO[0m - sync_all_series_job - 9e4f56b0-9770-4874-b415-180ae3721866 - sync_series - Série TMDB 106651 synchronisée
[32m2026-07-31 01:20:36 +0200[0m - dagster - [34mINFO[0m - sync_all_series_job - 9e4f56b0-9770-4874-b415-180ae3721866 - sync_series - Série TMDB 67744 synchronisée
[32m2026-07-31 01:20:37 +0200[0m - dagster - [34mINFO[0m - sync_all_series_job - 9e4f56b0-9770-4874-b415-180ae3721866 - sync_series - Série TMDB 121964 synchronisée
[32m2026-07-31 01:20:38 +0200[0m - dagster - [34mINFO[0m - sync_all_series_job - 9e4f56b0-9770-4874-b415-180ae3721866 - sync_series - Série TMDB 82684 synchronisée
[32m2026-07-31 01:20:38 +0200[0m - dagster - [34mINFO[0m - sync_all_series_job - 9e4f56b0-9770-4874-b415-180ae3721866 - sync_series - Série TMDB 137718 synchronisée
[32m2026-07-31 01:20:39 +0200[0m - dagster - [34mINFO[0m - sync_all_series_job - 9e4f56b0-9770-4874-b415-180ae3721866 - sync_series - Série TMDB 98309 synchronisée
[32m2026-07-31 01:20:40 +0200[0m - dagster - [34mINFO[0m - sync_all_series_job - 9e4f56b0-9770-4874-b415-180ae3721866 - sync_series - Série TMDB 100565 synchronisée
[32m2026-07-31 01:20:40 +0200[0m - dagster - [34mINFO[0m - sync_all_series_job - 9e4f56b0-9770-4874-b415-180ae3721866 - sync_series - Série TMDB 61459 synchronisée
[32m2026-07-31 01:20:41 +0200[0m - dagster - [34mINFO[0m - sync_all_series_job - 9e4f56b0-9770-4874-b415-180ae3721866 - sync_series - Série TMDB 121078 synchronisée
[32m2026-07-31 01:20:42 +0200[0m - dagster - [34mINFO[0m - sync_all_series_job - 9e4f56b0-9770-4874-b415-180ae3721866 - sync_series - Série TMDB 66857 synchronisée
[32m2026-07-31 01:20:42 +0200[0m - dagster - [34mINFO[0m - sync_all_series_job - 9e4f56b0-9770-4874-b415-180ae3721866 - sync_series - Série TMDB 112314 synchronisée
[32m2026-07-31 01:20:43 +0200[0m - dagster - [34mINFO[0m - sync_all_series_job - 9e4f56b0-9770-4874-b415-180ae3721866 - sync_series - Série TMDB 60808 synchronisée
[32m2026-07-31 01:20:44 +0200[0m - dagster - [34mINFO[0m - sync_all_series_job - 9e4f56b0-9770-4874-b415-180ae3721866 - sync_series - Série TMDB 64196 synchronisée
[32m2026-07-31 01:20:47 +0200[0m - dagster - [34mINFO[0m - sync_all_series_job - 9e4f56b0-9770-4874-b415-180ae3721866 - sync_series - Série TMDB 70881 synchronisée
[32m2026-07-31 01:20:48 +0200[0m - dagster - [34mINFO[0m - sync_all_series_job - 9e4f56b0-9770-4874-b415-180ae3721866 - sync_series - Série TMDB 107003 synchronisée
[32m2026-07-31 01:20:48 +0200[0m - dagster - [34mINFO[0m - sync_all_series_job - 9e4f56b0-9770-4874-b415-180ae3721866 - sync_series - Série TMDB 62110 synchronisée
[32m2026-07-31 01:20:49 +0200[0m - dagster - [34mINFO[0m - sync_all_series_job - 9e4f56b0-9770-4874-b415-180ae3721866 - sync_series - Série TMDB 80623 synchronisée
[32m2026-07-31 01:20:49 +0200[0m - dagster - [34mINFO[0m - sync_all_series_job - 9e4f56b0-9770-4874-b415-180ae3721866 - sync_series - Série TMDB 111838 synchronisée
[32m2026-07-31 01:20:50 +0200[0m - dagster - [34mINFO[0m - sync_all_series_job - 9e4f56b0-9770-4874-b415-180ae3721866 - sync_series - Série TMDB 30980 synchronisée
[32m2026-07-31 01:20:50 +0200[0m - dagster - [34mINFO[0m - sync_all_series_job - 9e4f56b0-9770-4874-b415-180ae3721866 - sync_series - Série TMDB 241709 synchronisée
[32m2026-07-31 01:20:51 +0200[0m - dagster - [34mINFO[0m - sync_all_series_job - 9e4f56b0-9770-4874-b415-180ae3721866 - sync_series - Série TMDB 61289 synchronisée
[32m2026-07-31 01:20:51 +0200[0m - dagster - [34mINFO[0m - sync_all_series_job - 9e4f56b0-9770-4874-b415-180ae3721866 - sync_series - Série TMDB 86769 synchronisée
[32m2026-07-31 01:20:52 +0200[0m - dagster - [34mINFO[0m - sync_all_series_job - 9e4f56b0-9770-4874-b415-180ae3721866 - sync_series - Série TMDB 82104 synchronisée
[32m2026-07-31 01:20:53 +0200[0m - dagster - [34mINFO[0m - sync_all_series_job - 9e4f56b0-9770-4874-b415-180ae3721866 - sync_series - Série TMDB 66788 synchronisée
[32m2026-07-31 01:20:54 +0200[0m - dagster - [34mINFO[0m - sync_all_series_job - 9e4f56b0-9770-4874-b415-180ae3721866 - sync_series - Série TMDB 31911 synchronisée
[32m2026-07-31 01:20:54 +0200[0m - dagster - [34mINFO[0m - sync_all_series_job - 9e4f56b0-9770-4874-b415-180ae3721866 - sync_series - Série TMDB 105248 synchronisée
[32m2026-07-31 01:20:55 +0200[0m - dagster - [34mINFO[0m - sync_all_series_job - 9e4f56b0-9770-4874-b415-180ae3721866 - sync_series - Série TMDB 277665 synchronisée
[32m2026-07-31 01:20:56 +0200[0m - dagster - [34mINFO[0m - sync_all_series_job - 9e4f56b0-9770-4874-b415-180ae3721866 - sync_series - Série TMDB 123249 synchronisée
[32m2026-07-31 01:20:57 +0200[0m - dagster - [34mINFO[0m - sync_all_series_job - 9e4f56b0-9770-4874-b415-180ae3721866 - sync_series - Série TMDB 96648 synchronisée
[32m2026-07-31 01:20:57 +0200[0m - dagster - [34mINFO[0m - sync_all_series_job - 9e4f56b0-9770-4874-b415-180ae3721866 - sync_series - Série TMDB 45997 synchronisée
[32m2026-07-31 01:20:58 +0200[0m - dagster - [34mINFO[0m - sync_all_series_job - 9e4f56b0-9770-4874-b415-180ae3721866 - sync_series - Série TMDB 119495 synchronisée
[32m2026-07-31 01:20:59 +0200[0m - dagster - [34mINFO[0m - sync_all_series_job - 9e4f56b0-9770-4874-b415-180ae3721866 - sync_series - Série TMDB 130237 synchronisée
[32m2026-07-31 01:21:01 +0200[0m - dagster - [34mINFO[0m - sync_all_series_job - 9e4f56b0-9770-4874-b415-180ae3721866 - sync_series - Série TMDB 2004 synchronisée
[32m2026-07-31 01:21:02 +0200[0m - dagster - [34mINFO[0m - sync_all_series_job - 9e4f56b0-9770-4874-b415-180ae3721866 - sync_series - Série TMDB 890 synchronisée
[32m2026-07-31 01:21:02 +0200[0m - dagster - [34mINFO[0m - sync_all_series_job - 9e4f56b0-9770-4874-b415-180ae3721866 - sync_series - Série TMDB 92916 synchronisée
[32m2026-07-31 01:21:02 +0200[0m - dagster - [34mINFO[0m - sync_all_series_job - 9e4f56b0-9770-4874-b415-180ae3721866 - sync_series - Série TMDB 129495 synchronisée
[32m2026-07-31 01:21:04 +0200[0m - dagster - [34mINFO[0m - sync_all_series_job - 9e4f56b0-9770-4874-b415-180ae3721866 - sync_series - Série TMDB 92892 synchronisée
[32m2026-07-31 01:21:05 +0200[0m - dagster - [34mINFO[0m - sync_all_series_job - 9e4f56b0-9770-4874-b415-180ae3721866 - sync_series - Série TMDB 62273 synchronisée
[32m2026-07-31 01:21:06 +0200[0m - dagster - [34mINFO[0m - sync_all_series_job - 9e4f56b0-9770-4874-b415-180ae3721866 - sync_series - Série TMDB 83121 synchronisée
[32m2026-07-31 01:21:07 +0200[0m - dagster - [34mINFO[0m - sync_all_series_job - 9e4f56b0-9770-4874-b415-180ae3721866 - sync_series - Série TMDB 48866 synchronisée
[32m2026-07-31 01:21:12 +0200[0m - dagster - [34mINFO[0m - sync_all_series_job - 9e4f56b0-9770-4874-b415-180ae3721866 - sync_series - Série TMDB 456 synchronisée
[32m2026-07-31 01:21:13 +0200[0m - dagster - [34mINFO[0m - sync_all_series_job - 9e4f56b0-9770-4874-b415-180ae3721866 - sync_series - Série TMDB 42417 synchronisée
[32m2026-07-31 01:21:13 +0200[0m - dagster - [34mINFO[0m - sync_all_series_job - 9e4f56b0-9770-4874-b415-180ae3721866 - sync_series - Série TMDB 83097 synchronisée
[32m2026-07-31 01:21:14 +0200[0m - dagster - [34mINFO[0m - sync_all_series_job - 9e4f56b0-9770-4874-b415-180ae3721866 - sync_series - Série TMDB 71446 synchronisée
[32m2026-07-31 01:21:15 +0200[0m - dagster - [34mINFO[0m - sync_all_series_job - 9e4f56b0-9770-4874-b415-180ae3721866 - sync_series - Série TMDB 203555 synchronisée
[32m2026-07-31 01:21:16 +0200[0m - dagster - [34mINFO[0m - sync_all_series_job - 9e4f56b0-9770-4874-b415-180ae3721866 - sync_series - Série TMDB 65942 synchronisée
[32m2026-07-31 01:21:17 +0200[0m - dagster - [34mINFO[0m - sync_all_series_job - 9e4f56b0-9770-4874-b415-180ae3721866 - sync_series - Série TMDB 42916 synchronisée
[32m2026-07-31 01:21:17 +0200[0m - dagster - [34mINFO[0m - sync_all_series_job - 9e4f56b0-9770-4874-b415-180ae3721866 - sync_series - Série TMDB 65844 synchronisée
[32m2026-07-31 01:21:18 +0200[0m - dagster - [34mINFO[0m - sync_all_series_job - 9e4f56b0-9770-4874-b415-180ae3721866 - sync_series - Série TMDB 97173 synchronisée
[32m2026-07-31 01:21:18 +0200[0m - dagster - [34mINFO[0m - sync_all_series_job - 9e4f56b0-9770-4874-b415-180ae3721866 - sync_series - Série TMDB 228958 synchronisée
[32m2026-07-31 01:21:19 +0200[0m - dagster - [34mINFO[0m - sync_all_series_job - 9e4f56b0-9770-4874-b415-180ae3721866 - sync_series - Série TMDB 34726 synchronisée
[32m2026-07-31 01:21:19 +0200[0m - dagster - [34mINFO[0m - sync_all_series_job - 9e4f56b0-9770-4874-b415-180ae3721866 - sync_series - Série TMDB 70880 synchronisée
[32m2026-07-31 01:21:23 +0200[0m - dagster - [34mINFO[0m - sync_all_series_job - 9e4f56b0-9770-4874-b415-180ae3721866 - sync_series - Série TMDB 1433 synchronisée
[32m2026-07-31 01:21:24 +0200[0m - dagster - [34mINFO[0m - sync_all_series_job - 9e4f56b0-9770-4874-b415-180ae3721866 - sync_series - Série TMDB 615 synchronisée
[32m2026-07-31 01:21:24 +0200[0m - dagster - [34mINFO[0m - sync_all_series_job - 9e4f56b0-9770-4874-b415-180ae3721866 - sync_series - Série TMDB 287527 synchronisée
[32m2026-07-31 01:21:25 +0200[0m - dagster - [34mINFO[0m - sync_all_series_job - 9e4f56b0-9770-4874-b415-180ae3721866 - sync_series - Série TMDB 97113 synchronisée
[32m2026-07-31 01:21:25 +0200[0m - dagster - [34mINFO[0m - sync_all_series_job - 9e4f56b0-9770-4874-b415-180ae3721866 - sync_series - Série TMDB 95396 synchronisée
[32m2026-07-31 01:21:26 +0200[0m - dagster - [34mINFO[0m - sync_all_series_job - 9e4f56b0-9770-4874-b415-180ae3721866 - sync_series - Série TMDB 66573 synchronisée
[32m2026-07-31 01:21:27 +0200[0m - dagster - [34mINFO[0m - sync_all_series_job - 9e4f56b0-9770-4874-b415-180ae3721866 - sync_series - Série TMDB 75758 synchronisée
[32m2026-07-31 01:21:29 +0200[0m - dagster - [34mINFO[0m - sync_all_series_job - 9e4f56b0-9770-4874-b415-180ae3721866 - sync_series - Série TMDB 61418 synchronisée
[32m2026-07-31 01:21:29 +0200[0m - dagster - [34mINFO[0m - sync_all_series_job - 9e4f56b0-9770-4874-b415-180ae3721866 - sync_series - Série TMDB 307585 synchronisée
[32m2026-07-31 01:21:29 +0200[0m - dagster - [34mINFO[0m - sync_all_series_job - 9e4f56b0-9770-4874-b415-180ae3721866 - sync_series - Série TMDB 156077 synchronisée
[32m2026-07-31 01:21:30 +0200[0m - dagster - [34mINFO[0m - sync_all_series_job - 9e4f56b0-9770-4874-b415-180ae3721866 - sync_series - Série TMDB 258994 synchronisée
[32m2026-07-31 01:21:30 +0200[0m - dagster - [34mINFO[0m - sync_all_series_job - 9e4f56b0-9770-4874-b415-180ae3721866 - sync_series - Série TMDB 128839 synchronisée
[32m2026-07-31 01:21:30 +0200[0m - dagster - [34mINFO[0m - sync_all_series_job - 9e4f56b0-9770-4874-b415-180ae3721866 - sync_series - Série TMDB 83880 synchronisée
[32m2026-07-31 01:21:31 +0200[0m - dagster - [34mINFO[0m - sync_all_series_job - 9e4f56b0-9770-4874-b415-180ae3721866 - sync_series - Série TMDB 289424 synchronisée
[32m2026-07-31 01:21:31 +0200[0m - dagster - [34mINFO[0m - sync_all_series_job - 9e4f56b0-9770-4874-b415-180ae3721866 - sync_series - Série TMDB 138190 synchronisée
[32m2026-07-31 01:21:31 +0200[0m - dagster - [34mDEBUG[0m - sync_all_series_job - 9e4f56b0-9770-4874-b415-180ae3721866 - 2444 - sync_series - STEP_OUTPUT - Yielded output "result" of type "Nothing". (Type check passed).
[32m2026-07-31 01:21:31 +0200[0m - dagster - [34mDEBUG[0m - sync_all_series_job - 9e4f56b0-9770-4874-b415-180ae3721866 - 2444 - sync_series - STEP_SUCCESS - Finished execution of step "sync_series" in 4m18s.
